// Jest Snapshot v1, https://goo.gl/fbAQLP

exports[`BlogPost renders correctly 1`] = `
<div>
  <article
    class="styles__StyledBlogPost-sc-1r22brh-0 fxlwgG"
  >
    <a
      href="/blog/blog-post"
    >
      <div
        class="styles__Flex-sc-1r22brh-1 ikIXMP"
      >
        <h1>
          Blog Post
        </h1>
        <div>
          01/01/2021
        </div>
      </div>
      <p>
        Blog Description
      </p>
      <ul
        class="styles__Tags-sc-1r22brh-2 iNbxpZ"
      >
        <li>
          #
          blog
        </li>
        <li>
          #
          post
        </li>
      </ul>
    </a>
  </article>
</div>
`;
