// Jest Snapshot v1, https://goo.gl/fbAQLP

exports[`Logo renders correctly 1`] = `
<div>
  <a
    href="/"
  >
    <div
      class="group relative transition whitespace-nowrap hover:transition duration-300 text-2xl font-bold flex gap-4 items-center"
      style="opacity: 0; transform: translateY(-10px) translateZ(0);"
    >
      <img
        alt="Vectorised image of Jacob Herper"
        class="w-12 h-12"
        data-nimg="1"
        decoding="async"
        height="48"
        loading="lazy"
        src="/_next/image?url=%2Fimg.jpg&w=96&q=100"
        srcset="/_next/image?url=%2Fimg.jpg&w=48&q=100 1x, /_next/image?url=%2Fimg.jpg&w=96&q=100 2x"
        style="color: transparent;"
        width="48"
      />
      <span
        class="transition duration-300 opacity-100 group-hover:opacity-0"
      >
        @jakeherp
      </span>
      <span
        class="absolute transition duration-300 left-16 opacity-0 group-hover:opacity-100 group-hover:text-transparent group-hover:bg-clip-text group-hover:bg-gradient-to-r from-blue-start to-blue-stop dark:from-purple-start dark:to-purple-stop"
      >
        Jacob Herper
      </span>
    </div>
  </a>
</div>
`;
