// Jest Snapshot v1, https://goo.gl/fbAQLP

exports[`Head renders correctly 1`] = `
<div>
  <title>
    Some page
  </title>
  <meta
    content="Some description"
    name="description"
  />
  <meta
    content="Jacob Herper"
    name="author"
  />
  <meta
    content="Some page"
    name="og:title"
  />
  <meta
    content="Some description"
    name="og:description"
  />
  <meta
    content="website"
    name="og:type"
  />
  <meta
    content="https://jacobherper.com/"
    name="og:url"
  />
  <meta
    content="summary"
    name="twitter:card"
  />
  <meta
    content="Some page"
    name="twitter:title"
  />
  <meta
    content="Some description"
    name="twitter:description"
  />
  <meta
    content="Jacob Herper"
    name="twitter:creator"
  />
  <meta
    content="https://res.cloudinary.com/jacobherper/image/upload/v1641565970/website-dark-light.png"
    name="og:image"
  />
  <meta
    content="https://res.cloudinary.com/jacobherper/image/upload/v1641565970/website-dark-light.png"
    name="twitter:image"
  />
  <meta
    charset="utf-8"
  />
  <meta
    content="initial-scale=1.0, width=device-width"
    name="viewport"
  />
</div>
`;
