// Jest Snapshot v1, https://goo.gl/fbAQLP

exports[`ContactForm renders correctly 1`] = `
<div>
  <div
    class="mt-8 glass-light dark:glass-dark mb-6 rounded-xl px-8 py-6 drop-shadow-lg"
  >
    <form
      class="flex flex-col gap-4"
    >
      <div
        class="flex flex-col gap-1"
      >
        <label
          class="font-bold"
          for="firstName"
        >
          First Name
           
          <span
            class="text-red-700"
          >
            *
          </span>
        </label>
        <input
          class="my-2 rounded-md px-4 py-2 ring-1 dark:bg-transparent ring-grey-400 dark:ring-slate-500"
          id="firstName"
          name="firstName"
        />
      </div>
      <div
        class="flex flex-col gap-1"
      >
        <label
          class="font-bold"
          for="lastName"
        >
          Last Name
           
          <span
            class="text-red-700"
          >
            *
          </span>
        </label>
        <input
          class="my-2 rounded-md px-4 py-2 ring-1 dark:bg-transparent ring-grey-400 dark:ring-slate-500"
          id="lastName"
          name="lastName"
        />
      </div>
      <div
        class="flex flex-col gap-1"
      >
        <label
          class="font-bold"
          for="email"
        >
          Email
           
          <span
            class="text-red-700"
          >
            *
          </span>
        </label>
        <input
          class="my-2 rounded-md px-4 py-2 ring-1 dark:bg-transparent ring-grey-400 dark:ring-slate-500"
          id="email"
          name="email"
        />
      </div>
      <div
        class="flex flex-col gap-1"
      >
        <label
          class="font-bold"
          for="company"
        >
          Company
           
        </label>
        <input
          class="my-2 rounded-md px-4 py-2 ring-1 dark:bg-transparent ring-grey-400 dark:ring-slate-500"
          id="company"
          name="company"
        />
      </div>
      <div
        class="flex flex-col gap-1"
      >
        <label
          class="font-bold"
          for="subject"
        >
          Subject
           
          <span
            class="text-red-700"
          >
            *
          </span>
        </label>
        <select
          class="my-2 rounded-md px-4 py-2 ring-1 dark:bg-transparent ring-grey-400 dark:ring-slate-500"
          id="subject"
          name="subject"
        >
          <option
            disabled=""
            value=""
          >
            Please select a subject
          </option>
          <option
            value="I need a website / app developed"
          >
            I need a website / app developed
          </option>
          <option
            value="Feedback on this website"
          >
            Feedback on this website
          </option>
          <option
            value="General Inquiry"
          >
            General Inquiry
          </option>
          <option
            value="I am a recruiter and want to hire you"
          >
            I am a recruiter and want to hire you
          </option>
          <option
            value="Other"
          >
            Other
          </option>
        </select>
      </div>
      <div
        class="relative w-full flex flex-col gap-1"
      >
        <label
          class="font-bold"
          for="message"
        >
          Message 
          <span
            class="text-red-700"
          >
            *
          </span>
        </label>
        <textarea
          class="my-2 rounded-md h-48 px-4 py-2 ring-1 dark:bg-transparent ring-grey-400 dark:ring-slate-500"
          id="message"
          name="message"
        />
      </div>
      <button
        class="rounded-md bg-blue-700 hover:bg-blue-600 active:bg-blue-800 px-3.5 py-2.5 text-sm font-semibold text-white shadow-sm focus-visible:outline focus-visible:outline-2 focus-visible:outline-offset-2 focus-visible:outline-blue-600 transition-all disabled:opacity-50 disabled:cursor-not-allowed disabled:hover:bg-blue-700 disabled:hover:active:bg-blue-700"
        type="submit"
      >
        Send
      </button>
    </form>
  </div>
</div>
`;
