// Jest Snapshot v1, https://goo.gl/fbAQLP

exports[`Salary renders correctly 1`] = `
<div>
  <div>
    <p>
      <strong>
        Salary Expectation: 
      </strong>
      There are several factors that influence the salary expectation I have for a future role, but here‘s a good approximation (please don‘t make me cry):
    </p>
    <input
      class="mx-2"
      data-testid="salaryRange"
      max="240000"
      min="75000"
      step="5000"
      type="range"
      value="120000"
    />
    <label
      for="salaryRange"
    >
      £120,000.00
    </label>
    <p>
      <strong>
        Happiness Score:
      </strong>
      <span
        class="text-3xl"
        data-testid="emoji"
        title="getting there"
      >
         😏
      </span>
    </p>
  </div>
</div>
`;
