// Jest Snapshot v1, https://goo.gl/fbAQLP

exports[`PortfolioItem renders correctly 1`] = `
<div>
  <article
    class="styles__StyledPortfolioItem-n6dl7r-0 dBellb"
  >
    <a
      href="/portfolio/amvi"
    >
      <div
        style="display: inline-block; max-width: 100%; overflow: hidden; position: relative; box-sizing: border-box; margin: 0px;"
      >
        <div
          style="box-sizing: border-box; display: block; max-width: 100%;"
        >
          <img
            alt=""
            aria-hidden="true"
            role="presentation"
            src="data:image/svg+xml;base64,PHN2ZyB3aWR0aD0iMTkyMCIgaGVpZ2h0PSIxMDgwIiB4bWxucz0iaHR0cDovL3d3dy53My5vcmcvMjAwMC9zdmciIHZlcnNpb249IjEuMSIvPg=="
            style="max-width: 100%; display: block; margin: 0px; padding: 0px;"
          />
        </div>
        <noscript />
        <img
          alt="Amamos Vivir Cada Día"
          decoding="async"
          src="data:image/gif;base64,R0lGODlhAQABAIAAAAAAAP///yH5BAEAAAAALAAAAAABAAEAAAIBRAA7"
          style="position: absolute; top: 0px; left: 0px; bottom: 0px; right: 0px; box-sizing: border-box; padding: 0px; margin: auto; display: block; width: 0px; height: 0px; min-width: 100%; max-width: 100%; min-height: 100%; max-height: 100%; object-fit: cover;"
        />
      </div>
    </a>
    <div
      class="details"
    >
      <a
        href="/portfolio/amvi"
      >
        <h1>
          Amamos Vivir Cada Día
        </h1>
        <p
          class="type"
        >
          Web Development
        </p>
        <p>
          <strong>
            Technologies used:
          </strong>
           
          <em>
            Gatsby, TypeScript, Styled-Components, REST APIs, GraphQL
          </em>
        </p>
      </a>
    </div>
  </article>
</div>
`;
