// Jest Snapshot v1, https://goo.gl/fbAQLP

exports[`Podcast renders correctly 1`] = `
<div>
  <li
    class="snap-center overflow-hidden shrink-0 p-1 rounded-lg w-[128px] h-[128px] transition-all bg-transparent hover:bg-gradient-to-r hover:from-blue-400 hover:to-blue-700"
  >
    <a
      href="https://www.syntax.fm/"
      rel="noopener noreferrer"
      target="_blank"
    >
      <img
        alt="Syntax.fm"
        class="rounded-md"
        data-nimg="1"
        decoding="async"
        height="128"
        loading="lazy"
        src="/_next/image?url=%2Fassets%2Fpodcasts%2Fsyntax.png&w=256&q=75"
        srcset="/_next/image?url=%2Fassets%2Fpodcasts%2Fsyntax.png&w=128&q=75 1x, /_next/image?url=%2Fassets%2Fpodcasts%2Fsyntax.png&w=256&q=75 2x"
        style="color: transparent;"
        width="128"
      />
    </a>
  </li>
</div>
`;
