// Jest Snapshot v1, https://goo.gl/fbAQLP

exports[`Input renders correctly 1`] = `
<div>
  <div
    class="flex flex-col gap-1"
  >
    <label
      class="font-bold"
      for="some-input"
    >
      Some input
       
    </label>
    <input
      class="my-2 rounded-md px-4 py-2 ring-1 dark:bg-transparent ring-grey-400 dark:ring-slate-500"
      id="some-input"
      placeholder="Some placeholder"
    />
  </div>
</div>
`;
